eeprom.c:57:10:EE_Init	48	static
eeprom.c:310:10:EE_VerifyPageFullyErased	24	static
eeprom.c:348:10:EE_ReadVariable	32	static
eeprom.c:407:10:EE_WriteVariable	24	static
eeprom.c:431:26:EE_Format	40	static
eeprom.c:483:17:EE_FindValidPage	24	static
eeprom.c:555:17:EE_VerifyPageFullWriteVariable	32	static
eeprom.c:616:17:EE_PageTransfer	56	static
eeprom.c:714:6:FEE_Init	8	static
eeprom.c:722:6:FEE_DeInit	8	static
eeprom.c:728:19:FEE_WriteCtrlParams	40	static
eeprom.c:800:19:FEE_ReadCtrlParams	56	static
