eeprom.c:46:10:EE_Init	48	static
eeprom.c:299:10:EE_VerifyPageFullyErased	24	static
eeprom.c:328:10:EE_ReadVariable	32	static
eeprom.c:378:10:EE_WriteVariable	24	static
eeprom.c:402:26:EE_Format	40	static
eeprom.c:454:17:EE_FindValidPage	24	static
eeprom.c:526:17:EE_VerifyPageFullWriteVariable	32	static
eeprom.c:587:17:EE_PageTransfer	56	static
eeprom.c:685:6:FEE_Init	8	static
eeprom.c:692:6:FEE_DeInit	8	static
eeprom.c:698:19:FEE_WriteCtrlParams	40	static
eeprom.c:769:19:FEE_ReadCtrlParams	56	static
