functions.c:25:5:PID_control	32	static
functions.c:54:6:kontrola_grejac	24	static
functions.c:105:10:DHT12_ocitavanje	24	static
functions.c:137:6:getTimeDate_DS3231	24	static
functions.c:155:6:setTime_DS3231	24	static
functions.c:170:9:dectohex	16	static
functions.c:177:5:hextodec	16	static
functions.c:184:5:find_I2C_deviceAddress	16	static
functions.c:201:6:lcd_send_cmd	24	static
functions.c:216:6:lcd_send_data	24	static
functions.c:231:6:lcd_clear	8	static
functions.c:244:6:lcd_put_cur	16	static
functions.c:261:6:lcd_init	8	static
functions.c:289:6:lcd_send_string	16	static
functions.c:294:6:setpointChange	4	static
functions.c:733:6:debouncingFunct	16	static
functions.c:766:6:switchHold	24	static
functions.c:785:6:filter_avg	32	static
functions.c:798:15:millis	8	static
functions.c:805:6:delay_us	16	static
functions.c:814:6:readTemperatureData	24	static
functions.c:838:6:HAL_TIM_PeriodElapsedCallback	16	static
