../Drivers/CMSIS/Include/core_cm4.h:1939:34:__NVIC_SystemReset	4	static,ignoring_inline_asm
../Core/Src/main.c:91:5:main	30016	static
../Core/Src/main.c:226:6:SystemClock_Config	88	static
../Core/Src/main.c:270:13:MX_I2C1_Init	8	static
../Core/Src/main.c:304:13:MX_SPI1_Init	8	static
../Core/Src/main.c:342:13:MX_TIM1_Init	56	static
../Core/Src/main.c:392:13:MX_TIM2_Init	32	static
../Core/Src/main.c:437:13:MX_TIM3_Init	64	static
../Core/Src/main.c:500:13:MX_TIM6_Init	16	static
../Core/Src/main.c:538:13:MX_GPIO_Init	56	static
../Core/Src/main.c:598:5:find_I2C_deviceAddress	16	static
../Core/Src/main.c:618:6:Error_Handler	8	static,ignoring_inline_asm
