core_cm4.h:1939:34:__NVIC_SystemReset	4	static,ignoring_inline_asm
Reflow_functions.c:48:6:reverse	32	static
Reflow_functions.c:61:5:intToStr	32	static
Reflow_functions.c:80:6:ftoa	48	static
Reflow_functions.c:107:6:calculateReflowCurve	30080	static
Reflow_functions.c:189:6:HandleGui	8	static
Reflow_functions.c:207:13:readTemperatureData	24	static
Reflow_functions.c:231:8:readTemperatureData_ex	24	static
Reflow_functions.c:256:6:msTempControlHandler	80	static
Reflow_functions.c:434:6:updateGuiVal	88	static
Reflow_functions.c:499:6:ResetFlags	4	static
Reflow_functions.c:516:6:ReflowAgain	16	static
Reflow_functions.c:574:6:f_GuiErrorCheck	24	static
Reflow_functions.c:613:6:f_GuiSensorInitOKmsg	8	static
Reflow_functions.c:623:6:f_GuiMenuSoakTemp	32	static
Reflow_functions.c:666:6:f_GuiFEEUpdateRead	16	static
Reflow_functions.c:706:6:f_GuiMenuSoakTime	32	static
Reflow_functions.c:746:6:f_GuiMenuReflowTemp	32	static
Reflow_functions.c:790:6:f_GuiMenuReflowTime	32	static
Reflow_functions.c:834:6:f_GuiMenuSoakTempGrad	32	static
Reflow_functions.c:878:6:f_GuiMenuKPUpdate	32	static
Reflow_functions.c:918:6:f_GuiMenuKIUpdate	32	static
Reflow_functions.c:959:6:f_GuiMenuKDUpdate	32	static
Reflow_functions.c:1001:6:f_GuiMenuReflowTempGrad	32	static
Reflow_functions.c:1045:6:f_GuiMenuBank1Update	32	static
Reflow_functions.c:1089:6:f_GuiMenuBank2Update	32	static
Reflow_functions.c:1133:6:f_GuiFEEUpdateWrite	16	static
Reflow_functions.c:1142:6:f_updateGuiValTempError	24	static
Reflow_functions.c:1157:6:f_updateGuiValGradientSoakParam	32	static
Reflow_functions.c:1176:6:f_updateGuiValSoakParam	32	static
Reflow_functions.c:1195:6:f_updateGuiValGradientReflowParam	32	static
Reflow_functions.c:1215:6:f_updateGuiValReflowParam	40	static
Reflow_functions.c:1235:6:f_updateGuiValCoolDownParam	40	static
Reflow_functions.c:1254:6:f_updateGuiReflowFinished	8	static
