../Drivers/CMSIS/Include/core_cm4.h:1939:34:__NVIC_SystemReset	4	static,ignoring_inline_asm
../Core/Src/Reflow_functions.c:49:6:reverse	32	static
../Core/Src/Reflow_functions.c:62:5:intToStr	32	static
../Core/Src/Reflow_functions.c:81:6:ftoa	48	static
../Core/Src/Reflow_functions.c:108:6:calculateReflowCurve	30080	static
../Core/Src/Reflow_functions.c:190:6:HandleGui	8	static
../Core/Src/Reflow_functions.c:210:13:readTemperatureData	24	static
../Core/Src/Reflow_functions.c:234:8:readTemperatureData_ex	24	static
../Core/Src/Reflow_functions.c:258:2:getTemperatureData	16	static
../Core/Src/Reflow_functions.c:266:6:msTempControlHandler	80	static
../Core/Src/Reflow_functions.c:467:6:updateGuiVal	88	static
../Core/Src/Reflow_functions.c:532:6:ResetFlags	4	static
../Core/Src/Reflow_functions.c:549:6:ReflowAgain	16	static
../Core/Src/Reflow_functions.c:602:6:f_GuiErrorCheck	24	static
../Core/Src/Reflow_functions.c:641:6:f_GuiSensorInitOKmsg	8	static
../Core/Src/Reflow_functions.c:651:6:f_GuiMenuSoakTemp	32	static
../Core/Src/Reflow_functions.c:694:6:f_GuiFEEUpdateRead	16	static
../Core/Src/Reflow_functions.c:734:6:f_GuiMenuSoakTime	32	static
../Core/Src/Reflow_functions.c:774:6:f_GuiMenuReflowTemp	32	static
../Core/Src/Reflow_functions.c:818:6:f_GuiMenuReflowTime	32	static
../Core/Src/Reflow_functions.c:862:6:f_GuiMenuSoakTempGrad	32	static
../Core/Src/Reflow_functions.c:906:6:f_GuiMenuKPUpdate	32	static
../Core/Src/Reflow_functions.c:946:6:f_GuiMenuKIUpdate	32	static
../Core/Src/Reflow_functions.c:987:6:f_GuiMenuKDUpdate	32	static
../Core/Src/Reflow_functions.c:1029:6:f_GuiMenuReflowTempGrad	32	static
../Core/Src/Reflow_functions.c:1073:6:f_GuiMenuBank1Update	32	static
../Core/Src/Reflow_functions.c:1117:6:f_GuiMenuBank2Update	32	static
../Core/Src/Reflow_functions.c:1161:6:f_GuiFEEUpdateWrite	16	static
../Core/Src/Reflow_functions.c:1170:6:f_updateGuiValTempError	24	static
../Core/Src/Reflow_functions.c:1185:6:f_updateGuiValGradientSoakParam	32	static
../Core/Src/Reflow_functions.c:1204:6:f_updateGuiValSoakParam	32	static
../Core/Src/Reflow_functions.c:1223:6:f_updateGuiValGradientReflowParam	32	static
../Core/Src/Reflow_functions.c:1243:6:f_updateGuiValReflowParam	40	static
../Core/Src/Reflow_functions.c:1263:6:f_updateGuiValCoolDownParam	40	static
../Core/Src/Reflow_functions.c:1282:6:f_updateGuiReflowFinished	8	static
